// Jest Snapshot v1, https://goo.gl/fbAQLP

exports[`App component renders App 1`] = `
<DocumentFragment>
  <p>
    Want a quote? Click the button!
  </p>
  <button>
    Click Me!
  </button>
</DocumentFragment>
`;
